MPLINK 4.48, Linker
Linker Map File - Created Fri Feb 25 06:36:08 2022

                                 Section Info
                  Section       Type    Address   Location Size(Bytes)
                ---------  ---------  ---------  ---------  ---------
                   .org_0       code   0x000000    program   0x000002
                   .cinit    romdata   0x000001    program   0x000004
                   .org_1       code   0x000004    program   0x0001a6
     .config_2007_PART1.O       code   0x002007    program   0x000002



                              Program Memory Usage 
                               Start         End      
                           ---------   ---------      
                            0x000000    0x000002      
                            0x000004    0x0000d6      
                            0x002007    0x002007      
            215 out of 8454 program addresses used, program memory utilization is 2%



                              Symbols - Sorted by Name
                     Name    Address   Location    Storage File                     
                ---------  ---------  ---------  --------- ---------                
                      ISR   0x000001    program     static D:\Real Time\mplap test\part\part1.asm
                       Lp   0x00001f    program     static D:\Real Time\mplap test\part\part1.asm
                    Tfour   0x000067    program     static D:\Real Time\mplap test\part\part1.asm
                     Tone   0x00007c    program     static D:\Real Time\mplap test\part\part1.asm
                   Tthree   0x00006e    program     static D:\Real Time\mplap test\part\part1.asm
                     Ttwo   0x000075    program     static D:\Real Time\mplap test\part\part1.asm
               btn1_count   0x00005d    program     static D:\Real Time\mplap test\part\part1.asm
                   d_1sec   0x0000a0    program     static D:\Real Time\mplap test\part\part1.asm
                   d_2sec   0x000099    program     static D:\Real Time\mplap test\part\part1.asm
                   d_3sec   0x000092    program     static D:\Real Time\mplap test\part\part1.asm
                   d_4sec   0x00008b    program     static D:\Real Time\mplap test\part\part1.asm
                   d_5sec   0x000084    program     static D:\Real Time\mplap test\part\part1.asm
                    delay   0x00007f    program     static D:\Real Time\mplap test\part\part1.asm
              delay_check   0x0000af    program     static D:\Real Time\mplap test\part\part1.asm
                  display   0x000023    program     static D:\Real Time\mplap test\part\part1.asm
                     four   0x000029    program     static D:\Real Time\mplap test\part\part1.asm
                    fours   0x0000bb    program     static D:\Real Time\mplap test\part\part1.asm
                      int   0x00001b    program     static D:\Real Time\mplap test\part\part1.asm
                     last   0x0000d6    program     static D:\Real Time\mplap test\part\part1.asm
                     loop   0x0000a6    program     static D:\Real Time\mplap test\part\part1.asm
                    loop2   0x0000a4    program     static D:\Real Time\mplap test\part\part1.asm
                    loop3   0x0000a2    program     static D:\Real Time\mplap test\part\part1.asm
                      one   0x00004d    program     static D:\Real Time\mplap test\part\part1.asm
                     ones   0x0000d0    program     static D:\Real Time\mplap test\part\part1.asm
                    start   0x000009    program     static D:\Real Time\mplap test\part\part1.asm
                    three   0x000036    program     static D:\Real Time\mplap test\part\part1.asm
                   threes   0x0000c2    program     static D:\Real Time\mplap test\part\part1.asm
                      two   0x000042    program     static D:\Real Time\mplap test\part\part1.asm
                     twos   0x0000c9    program     static D:\Real Time\mplap test\part\part1.asm
                     zero   0x000057    program     static D:\Real Time\mplap test\part\part1.asm



                              Symbols - Sorted by Address
                     Name    Address   Location    Storage File                     
                ---------  ---------  ---------  --------- ---------                
                      ISR   0x000001    program     static D:\Real Time\mplap test\part\part1.asm
                    start   0x000009    program     static D:\Real Time\mplap test\part\part1.asm
                      int   0x00001b    program     static D:\Real Time\mplap test\part\part1.asm
                       Lp   0x00001f    program     static D:\Real Time\mplap test\part\part1.asm
                  display   0x000023    program     static D:\Real Time\mplap test\part\part1.asm
                     four   0x000029    program     static D:\Real Time\mplap test\part\part1.asm
                    three   0x000036    program     static D:\Real Time\mplap test\part\part1.asm
                      two   0x000042    program     static D:\Real Time\mplap test\part\part1.asm
                      one   0x00004d    program     static D:\Real Time\mplap test\part\part1.asm
                     zero   0x000057    program     static D:\Real Time\mplap test\part\part1.asm
               btn1_count   0x00005d    program     static D:\Real Time\mplap test\part\part1.asm
                    Tfour   0x000067    program     static D:\Real Time\mplap test\part\part1.asm
                   Tthree   0x00006e    program     static D:\Real Time\mplap test\part\part1.asm
                     Ttwo   0x000075    program     static D:\Real Time\mplap test\part\part1.asm
                     Tone   0x00007c    program     static D:\Real Time\mplap test\part\part1.asm
                    delay   0x00007f    program     static D:\Real Time\mplap test\part\part1.asm
                   d_5sec   0x000084    program     static D:\Real Time\mplap test\part\part1.asm
                   d_4sec   0x00008b    program     static D:\Real Time\mplap test\part\part1.asm
                   d_3sec   0x000092    program     static D:\Real Time\mplap test\part\part1.asm
                   d_2sec   0x000099    program     static D:\Real Time\mplap test\part\part1.asm
                   d_1sec   0x0000a0    program     static D:\Real Time\mplap test\part\part1.asm
                    loop3   0x0000a2    program     static D:\Real Time\mplap test\part\part1.asm
                    loop2   0x0000a4    program     static D:\Real Time\mplap test\part\part1.asm
                     loop   0x0000a6    program     static D:\Real Time\mplap test\part\part1.asm
              delay_check   0x0000af    program     static D:\Real Time\mplap test\part\part1.asm
                    fours   0x0000bb    program     static D:\Real Time\mplap test\part\part1.asm
                   threes   0x0000c2    program     static D:\Real Time\mplap test\part\part1.asm
                     twos   0x0000c9    program     static D:\Real Time\mplap test\part\part1.asm
                     ones   0x0000d0    program     static D:\Real Time\mplap test\part\part1.asm
                     last   0x0000d6    program     static D:\Real Time\mplap test\part\part1.asm


